python : Creating 
test database for 
alias 'default' ('tes
t_page-spark')...
At line:1 char:1
+ python manage.py 
test core.tests_auth 
-v 2 > 
test_output.txt 2>&1
+ ~~~~~~~~~~~~~~~~~~~
~~~~~~~~~~~~~~~~~~~~~
~~~~~~~~~~~~~~~~~~~~~
~~~~
    + CategoryInfo   
           : 
NotSpecifi    ed: 
(Creating test     
d...page-spark').    
..:String) [], Rem   
 oteException
    + 
FullyQualifiedEr    
rorId : NativeComm   
 andError
 

Found 4 test(s).
Operations to perform:
  Synchronize unmigrated apps: corsheaders, drf_spectacular, messages, rest_framework, rest_framework_simplejwt, staticfiles
  Apply all migrations: admin, auth, contenttypes, core, sessions, token_blacklist
Synchronizing apps without migrations:
  Creating tables...
    Running deferred SQL...
Running migrations:
  Applying contenttypes.0001_initial... OK
  Applying contenttypes.0002_remove_content_type_name... OK
  Applying auth.0001_initial... OK
  Applying auth.0002_alter_permission_name_max_length... OK
  Applying auth.0003_alter_user_email_max_length... OK
  Applying auth.0004_alter_user_username_opts... OK
  Applying auth.0005_alter_user_last_login_null... OK
  Applying auth.0006_require_contenttypes_0002... OK
  Applying auth.0007_alter_validators_add_error_messages... OK
  Applying auth.0008_alter_user_username_max_length... OK
  Applying auth.0009_alter_user_last_name_max_length... OK
  Applying auth.0010_alter_group_name_max_length... OK
  Applying auth.0011_update_proxy_permissions... OK
  Applying auth.0012_alter_user_first_name_max_length... OK
  Applying core.0001_initial... OK
  Applying admin.0001_initial... OK
  Applying admin.0002_logentry_remove_auto_add... OK
  Applying admin.0003_logentry_add_action_flag_choices... OK
  Applying sessions.0001_initial... OK
  Applying token_blacklist.0001_initial... OK
  Applying token_blacklist.0002_outstandingtoken_jti_hex... OK
  Applying token_blacklist.0003_auto_20171017_2007... OK
  Applying token_blacklist.0004_auto_20171017_2013... OK
  Applying token_blacklist.0005_remove_outstandingtoken_jti... OK
  Applying token_blacklist.0006_auto_20171017_2113... OK
  Applying token_blacklist.0007_auto_20171017_2214... OK
  Applying token_blacklist.0008_migrate_to_bigautofield... OK
  Applying token_blacklist.0010_fix_migrate_to_bigautofield... OK
  Applying token_blacklist.0011_linearizes_history... OK
  Applying token_blacklist.0012_alter_outstandingtoken_user... OK
test_login_fail (core
.tests_auth.AuthTests
.test_login_fail)
Verify login failure 
... ok
test_login_with_email
 (core.tests_auth.Aut
hTests.test_login_wit
h_email)
Verify login with 
email. ... ok
test_login_with_usern
ame (core.tests_auth.
AuthTests.test_login_
with_username)
Verify login with 
username. ... ok
test_register_with_us
ername (core.tests_au
th.AuthTests.test_reg
ister_with_username)
Verify that we can 
register with a 
username. ... FAIL

=====================
=====================
=====================
=======
FAIL: test_register_w
ith_username (core.te
sts_auth.AuthTests.te
st_register_with_user
name)
Verify that we can 
register with a 
username.
---------------------
---------------------
---------------------
-------
Traceback (most 
recent call last):
  File "D:\livepage\b
ackend\core\tests_aut
h.py", line 25, in te
st_register_with_user
name
    self.assertEqual(
response.status_code,
 status.HTTP_201_CREA
TED)
    ~~~~~~~~~~~~~~~~^
^^^^^^^^^^^^^^^^^^^^^
^^^^^^^^^^^^^^^^^^^^^
^^^^
AssertionError: 400 
!= 201

---------------------
---------------------
---------------------
-------
Ran 4 tests in 2.417s

FAILED (failures=1)
Destroying test 
database for alias 
'default' ('test_page
-spark')...

  Applying token_blacklist.0013_alter_blacklistedtoken_options_and_more... OK
System check identified no issues (0 silenced).
